Last login: Fri Dec 26 17:07:10 on ttys000
bearmac@Alexs-MacBook-Pro-2 ~ % cd ~/Documents/Projects/FieldSnaps
bearmac@Alexs-MacBook-Pro-2 FieldSnaps % grep "pbfuwfzccdmpkmhncyjg" dist/assets/*.js && echo "‚úÖ FOUND" || echo "‚ùå NOT FOUND"
zsh: no matches found: dist/assets/*.js
‚ùå NOT FOUND
bearmac@Alexs-MacBook-Pro-2 FieldSnaps % ls -la .env.local
-rw-r--r--  1 bearmac  staff  498 Dec 26 16:59 .env.local
bearmac@Alexs-MacBook-Pro-2 FieldSnaps % ls -la client/.env.local
ls: client/.env.local: No such file or directory
bearmac@Alexs-MacBook-Pro-2 FieldSnaps % cp .env.local client/.env.local
bearmac@Alexs-MacBook-Pro-2 FieldSnaps % npm run build

> rest-express@1.0.1 build
> vite build && esbuild server/index.ts --platform=node --packages=external --bundle --format=esm --outdir=dist

vite v5.4.20 building for production...
transforming (1) index.html[baseline-browser-mapping] The data in this module is over two months old.  To ensure accurate Baseline data, please update: `npm i baseline-browser-mapping@latest -D`
transforming (9) src/lib/nativeSplashScreen.ts
A PostCSS plugin did not pass the `from` option to `postcss.parse`. This may cause imported assets to be incorrectly transformed. If you've recently added a PostCSS plugin that raised this warning, please contact the package author to fix the issue.
‚úì 3267 modules transformed.
../dist/public/index.html                                                 2.48 kB ‚îÇ gzip:   0.92 kB
../dist/public/assets/photoCompression.worker-Dqm7FVON.js                 2.54 kB
../dist/public/assets/Fieldsnap logo v1.2_1760310501545-reWcQgwu.png    294.95 kB
../dist/public/assets/IMG_3762_1762447489193-BUUS8a5E.png               696.18 kB
../dist/public/assets/camera-roll-mixed-photos-3pVvTezs.png           4,934.62 kB
../dist/public/assets/index-BuEkCcik.css                                131.49 kB ‚îÇ gzip:  20.45 kB
../dist/public/assets/web-5ImO28D9.js                                     0.12 kB ‚îÇ gzip:   0.13 kB
../dist/public/assets/web-CosUr4Jc.js                                     0.29 kB ‚îÇ gzip:   0.21 kB
../dist/public/assets/web-UaCg1QFy.js                                     0.35 kB ‚îÇ gzip:   0.19 kB
../dist/public/assets/web-w5dhnh0m.js                                     0.36 kB ‚îÇ gzip:   0.25 kB
../dist/public/assets/web-Bm8ZH7lY.js                                     0.38 kB ‚îÇ gzip:   0.25 kB
../dist/public/assets/web-W8jRAwUg.js                                     0.39 kB ‚îÇ gzip:   0.28 kB
../dist/public/assets/grid-3x3-B2OGTaMk.js                                0.46 kB ‚îÇ gzip:   0.31 kB
../dist/public/assets/tag-BYhaFGcT.js                                     0.50 kB ‚îÇ gzip:   0.35 kB
../dist/public/assets/subDays-DbSY7OgR.js                                 0.67 kB ‚îÇ gzip:   0.35 kB
../dist/public/assets/native-Bynh6dt6.js                                  0.75 kB ‚îÇ gzip:   0.35 kB
../dist/public/assets/web-DxAGRpt9.js                                     0.76 kB ‚îÇ gzip:   0.35 kB
../dist/public/assets/videoUtils-FQGJR9l4.js                              0.77 kB ‚îÇ gzip:   0.45 kB
../dist/public/assets/web-d9fY0uNx.js                                     0.80 kB ‚îÇ gzip:   0.41 kB
../dist/public/assets/web-D4WFgM1I.js                                     0.80 kB ‚îÇ gzip:   0.24 kB
../dist/public/assets/web-CP2VwE6B.js                                     0.94 kB ‚îÇ gzip:   0.47 kB
../dist/public/assets/web-3rHVVoze.js                                     1.15 kB ‚îÇ gzip:   0.55 kB
../dist/public/assets/web-Cu3aHt68.js                                     1.25 kB ‚îÇ gzip:   0.58 kB
../dist/public/assets/base-CkTJDosp.js                                    2.53 kB ‚îÇ gzip:   0.93 kB
../dist/public/assets/web-CwBNbU7P.js                                     2.97 kB ‚îÇ gzip:   0.82 kB
../dist/public/assets/web-ByS6iot9.js                                     3.44 kB ‚îÇ gzip:   1.09 kB
../dist/public/assets/web-_goiufkQ.js                                     8.86 kB ‚îÇ gzip:   3.05 kB
../dist/public/assets/toaster-ncwDswOz.js                                13.73 kB ‚îÇ gzip:   4.86 kB
../dist/public/assets/purify.es-sOfw8HaZ.js                              22.67 kB ‚îÇ gzip:   8.79 kB
../dist/public/assets/web-CoLLEOHU.js                                    23.59 kB ‚îÇ gzip:   6.70 kB
../dist/public/assets/Settings-Dpa-eKtx.js                               43.40 kB ‚îÇ gzip:   9.60 kB
../dist/public/assets/ToDos-Dp-5hsFn.js                                  50.77 kB ‚îÇ gzip:  12.95 kB
../dist/public/assets/Camera-DA4kOvx8.js                                 78.78 kB ‚îÇ gzip:  21.37 kB
../dist/public/assets/ProjectPhotos-Da4fFrFq.js                         125.57 kB ‚îÇ gzip:  36.80 kB
../dist/public/assets/index.es-DQeHkZo8.js                              150.57 kB ‚îÇ gzip:  51.50 kB
../dist/public/assets/html2canvas.esm-CBrSDip1.js                       201.42 kB ‚îÇ gzip:  48.03 kB
../dist/public/assets/index-DcnuVavB.js                               1,696.48 kB ‚îÇ gzip: 491.92 kB

(!) Some chunks are larger than 500 kB after minification. Consider:
- Using dynamic import() to code-split the application
- Use build.rollupOptions.output.manualChunks to improve chunking: https://rollupjs.org/configuration-options/#output-manualchunks
- Adjust chunk size limit for this warning via build.chunkSizeWarningLimit.
‚úì built in 3.58s

  dist/index.js  309.8kb

‚ö° Done in 13ms
bearmac@Alexs-MacBook-Pro-2 FieldSnaps % grep "pbfuwfzccdmpkmhncyjg" dist/assets/*.js && echo "‚úÖ FOUND" || echo "‚ùå NOT FOUND"
zsh: no matches found: dist/assets/*.js
‚ùå NOT FOUND
bearmac@Alexs-MacBook-Pro-2 FieldSnaps % npx cap sync ios
üîß Configuring dynamic provider dependencies for SocialLogin

Provider configuration:
  ‚úî Google: enabled
  ‚úî Facebook: enabled
  ‚úî Apple: enabled
  ‚úî Twitter: enabled

‚Ñπ Configuring iOS dependencies...
‚Ñπ Podspec already up to date
‚úî Configuration complete

‚úî Copying web assets from public to ios/App/App/public in 10.55ms
‚úî Creating capacitor.config.json in ios/App/App in 475.21Œºs
‚úî copy ios in 76.50ms
‚úî Updating iOS plugins in 7.50ms
‚úî Updating iOS native dependencies with pod install in 2.22s
[info] Found 26 Capacitor plugins for ios:
       @aparajita/capacitor-secure-storage@7.1.3
       @capacitor-community/generic-oauth2@7.0.0
       @capacitor-community/speech-recognition@7.0.1
       @capacitor/action-sheet@7.0.2
       @capacitor/app@7.1.0
       @capacitor/browser@7.0.2
       @capacitor/camera@7.0.2
       @capacitor/clipboard@7.0.2
       @capacitor/device@7.0.2
       @capacitor/dialog@7.0.2
       @capacitor/filesystem@7.1.4
       @capacitor/geolocation@7.1.5
       @capacitor/haptics@7.0.2
       @capacitor/keyboard@7.0.3
       @capacitor/local-notifications@7.0.3
       @capacitor/network@7.0.2
       @capacitor/preferences@7.0.2
       @capacitor/share@7.0.2
       @capacitor/splash-screen@7.0.3
       @capacitor/status-bar@7.0.3
       @capacitor/toast@7.0.2
       @capgo/capacitor-social-login@7.20.0
       @capgo/capacitor-updater@7.22.0
       @transistorsoft/capacitor-background-fetch@7.1.0
       @transistorsoft/capacitor-background-geolocation@7.2.4
       capacitor-native-settings@7.0.2
‚úî update ios in 2.27s
[info] Sync finished in 2.595s
bearmac@Alexs-MacBook-Pro-2 FieldSnaps % 
